// Jest Snapshot v1, https://goo.gl/fbAQLP

exports[`Autocompletes saga should have the expected watchers 1`] = `
Object {
  "fork": Array [
    Object {
      "@@redux-saga/IO": true,
      "combinator": false,
      "payload": Object {
        "args": Array [
          "FETCH_AUTOCOMPLETES_REQUEST",
          "@@redux-saga-test-plan/json/function/fetchAutocompletes",
        ],
        "context": null,
        "fn": "@@redux-saga-test-plan/json/function/takeLatest",
      },
      "type": "FORK",
    },
  ],
  "take": Array [
    Object {
      "@@redux-saga/IO": true,
      "combinator": false,
      "payload": Object {
        "pattern": "FETCH_AUTOCOMPLETES_REQUEST",
      },
      "type": "TAKE",
    },
  ],
}
`;
