// Jest Snapshot v1, https://goo.gl/fbAQLP

exports[`Autocompletes should handle FETCH_AUTOCOMPLETES_FAILED 1`] = `
Object {
  "data": Array [],
}
`;

exports[`Autocompletes should handle FETCH_AUTOCOMPLETES_REQUEST 1`] = `
Object {
  "data": Array [],
}
`;

exports[`Autocompletes should handle FETCH_AUTOCOMPLETES_SUCCESS 1`] = `
Object {
  "data": Array [],
}
`;

exports[`Autocompletes should return the initial state 1`] = `
Object {
  "data": Array [],
}
`;
