// Jest Snapshot v1, https://goo.gl/fbAQLP

exports[`Stories should handle FETCH_STORIES_FAILED 1`] = `
Object {
  "data": Array [],
}
`;

exports[`Stories should handle FETCH_STORIES_REQUEST 1`] = `
Object {
  "data": Array [],
}
`;

exports[`Stories should handle FETCH_STORIES_SUCCESS 1`] = `
Object {
  "data": Array [],
}
`;

exports[`Stories should return the initial state 1`] = `
Object {
  "data": Array [],
}
`;
